Lorem ipsum dolor sit amet, consectetur adipiscing elit. Nam sed accumsan eros. Ut nec vestibulum neque. Sed ut augue massa. Proin pellentesque quam tortor, a sollicitudin orci tempus ut. Sed quam ipsum, rutrum non enim id, vestibulum commodo dui. Etiam ac dictum purus. Pellentesque sed magna ut risus rhoncus tempor a vel felis. Sed consequat, ligula ac vestibulum ultricies, ligula massa mollis dui, nec consequat massa est eu quam. Etiam egestas, arcu nec porta elementum, urna erat cursus felis, id scelerisque dui ipsum a ante. Phasellus pharetra nisl neque, eget posuere dolor ultrices in.
Fusce blandit sapien vitae aliquam bibendum. Vestibulum malesuada volutpat odio nec finibus. Cras rutrum est eu auctor interdum. In sit amet consectetur urna. Fusce tempus magna et nisi mollis, ut pulvinar metus rhoncus. Proin venenatis, velit quis scelerisque tempus, mauris dui commodo augue, auctor congue lacus arcu et neque. Pellentesque euismod turpis mi, in semper lectus facilisis ut. In hac habitasse platea dictumst. Aenean risus augue, convallis quis nibh eget, venenatis rhoncus est. Etiam mattis ullamcorper porttitor. Pellentesque a scelerisque ex, varius blandit nulla.
